❯ Building...
✔ Building...
Initial chunk files | Names         | Raw size
main.js             | main          | 11.67 kB | 
styles.css          | styles        | 95 bytes | 

                    | Initial total | 11.77 kB

Application bundle generation complete. [0.857 seconds] - 2026-09-18T11:11:26.728Z

Watch mode enabled. Watching for file changes...
NOTE: Raw file sizes do not reflect development server per-request transformations.
  [32m➜[39m  [1mLocal[22m:   [36mhttp://localhost:[1m4200[22m/[39m
[2m[32m  ➜[39m[22m[2m  press [22m[1mh + enter[22m[2m to show help[22m
[2m7:11:28 AM[22m [36m[1m[vite][22m[39m [90m[2m(client)[22m[39m [optimizer] bundling dependencies...
❯ Changes detected. Rebuilding...
✔ Changes detected. Rebuilding...
Initial chunk files | Names | Raw size
main.js             | main  | 11.97 kB | 

Application bundle generation complete. [0.158 seconds] - 2026-09-18T11:15:43.010Z

Page reload sent to client(s).
❯ Changes detected. Rebuilding...
✔ Changes detected. Rebuilding...
Initial chunk files | Names | Raw size
main.js             | main  | 12.58 kB | 

Application bundle generation complete. [0.085 seconds] - 2026-09-18T11:15:45.736Z

Page reload sent to client(s).
❯ Changes detected. Rebuilding...
✔ Changes detected. Rebuilding...
Initial chunk files | Names | Raw size
main.js             | main  | 15.59 kB | 

Application bundle generation complete. [0.099 seconds] - 2026-09-18T11:15:56.310Z

Component update sent to client(s).
❯ Changes detected. Rebuilding...
✔ Changes detected. Rebuilding...
Initial chunk files | Names | Raw size
main.js             | main  | 16.50 kB | 

Application bundle generation complete. [0.110 seconds] - 2026-09-18T11:16:04.075Z

Component update sent to client(s).
